// Jest Snapshot v1, https://goo.gl/fbAQLP

exports[`<SampleLocale /> displayed well 1`] = `
<div>
  <p>
    English
     | 
    Korean
     | 
    Japanese
  </p>
</div>
`;
