// Jest Snapshot v1, https://goo.gl/fbAQLP

exports[`<ErrorMessage /> Rendered well 1`] = `
<div>
  <button>
    Show
  </button>
</div>
`;
