// Jest Snapshot v1, https://goo.gl/fbAQLP

exports[`<Header /> Rendered well 1`] = `
<div>
  <header
    class="MuiPaper-root MuiPaper-elevation MuiPaper-elevation0 MuiAppBar-root MuiAppBar-colorPrimary MuiAppBar-positionStatic css-120r8wl-MuiPaper-root-MuiAppBar-root"
    style="background-color: rgb(255, 255, 255);"
  >
    <div
      class="MuiToolbar-root MuiToolbar-gutters MuiToolbar-regular css-1r339ym-MuiToolbar-root"
    >
      <h6
        class="MuiTypography-root MuiTypography-h6 MuiTypography-noWrap css-uh02xs-MuiTypography-root"
      >
        Blog App
      </h6>
    </div>
  </header>
</div>
`;
